// Jest Snapshot v1, https://goo.gl/fbAQLP

exports[`shared/h2 snapshot 1`] = `
<DocumentFragment>
  <h2
    class="root"
  >
    Hello
  </h2>
</DocumentFragment>
`;
